// Jest Snapshot v1, https://goo.gl/fbAQLP

exports[`Api page component should render api page component 1`] = `[Function]`;
