// Jest Snapshot v1, https://goo.gl/fbAQLP

exports[`Homepage component should render homepage component 1`] = `[Function]`;
