// Jest Snapshot v1, https://goo.gl/fbAQLP

exports[`Error component should render error component 1`] = `[Function]`;
