// Jest Snapshot v1, https://goo.gl/fbAQLP

exports[`Forms page component should render forms page component 1`] = `[Function]`;
