// Jest Snapshot v1, https://goo.gl/fbAQLP

exports[`Loading component should render loading component 1`] = `[Function]`;
