// Jest Snapshot v1, https://goo.gl/fbAQLP

exports[`Counter page component should render counter page component 1`] = `[Function]`;
